******************************************************************************
             TMS320C2000 Linker PC v16.9.2                     
******************************************************************************
>> Linked Wed Jan 13 17:12:50 2021

OUTPUT FILE NAME:   <../SortierAlgorithmusVirtuelleTestumgebung.out>
ENTRY POINT SYMBOL: "_c_int00"  address: 00008a07


MEMORY CONFIGURATION

         name            origin    length      used     unused   attr    fill
----------------------  --------  ---------  --------  --------  ----  --------
PAGE 0:
  BEGINRAM              00000000   00000002  00000002  00000000  RWIX
  RAMM0                 00000002   000003fe  00000000  000003fe  RWIX
  RAML0L3               00008000   00004000  00000cb2  0000334e  RWIX
  ZONE7P                00200000   00010000  00000000  00010000  RWIX
  FLASH                 00300000   0003fff6  00000000  0003fff6  RWIX
  BEGINFLASH            0033fff6   00000002  00000000  00000002  RWIX
  ADC_CAL               00380080   00000009  00000007  00000002  RWIX
  OTP                   00380400   00000400  00000000  00000400  RWIX
  CSM_PWL               003f7ff8   00000008  00000000  00000008  RWIX
  IQTABLES              003fe000   00000b50  00000000  00000b50  RWIX
  IQTABLES2             003feb50   0000008c  00000000  0000008c  RWIX
  FPUTABLES             003febdc   000006a0  00000000  000006a0  RWIX
  ROM                   003ff27c   00000d44  00000000  00000d44  RWIX
  RESET                 003fffc0   00000002  00000000  00000002  RWIX
  VECTORS               003fffc2   0000003e  00000000  0000003e  RWIX

PAGE 1:
  RAMM1                 00000400   00000400  00000200  00000200  RWIX
  DEV_EMU               00000880   00000180  000000d0  000000b0  RWIX
  FLASH_REGS            00000a80   00000060  00000008  00000058  RWIX
  CSM                   00000ae0   00000010  00000010  00000000  RWIX
  ADC_MIRROR            00000b00   00000010  00000010  00000000  RWIX
  XINTF                 00000b20   00000020  0000001e  00000002  RWIX
  CPU_TIMER0            00000c00   00000008  00000008  00000000  RWIX
  CPU_TIMER1            00000c08   00000008  00000008  00000000  RWIX
  CPU_TIMER2            00000c10   00000008  00000008  00000000  RWIX
  PIE_CTRL              00000ce0   00000020  0000001a  00000006  RWIX
  PIE_VECT              00000d00   00000100  00000100  00000000  RWIX
  DMA                   00001000   00000200  000000e0  00000120  RWIX
  MCBSPA                00005000   00000040  00000025  0000001b  RWIX
  MCBSPB                00005040   00000040  00000025  0000001b  RWIX
  ECANA                 00006000   00000040  00000034  0000000c  RWIX
  ECANA_LAM             00006040   00000040  00000040  00000000  RWIX
  ECANA_MOTS            00006080   00000040  00000040  00000000  RWIX
  ECANA_MOTO            000060c0   00000040  00000040  00000000  RWIX
  ECANA_MBOX            00006100   00000100  00000100  00000000  RWIX
  ECANB                 00006200   00000040  00000034  0000000c  RWIX
  ECANB_LAM             00006240   00000040  00000040  00000000  RWIX
  ECANB_MOTS            00006280   00000040  00000040  00000000  RWIX
  ECANB_MOTO            000062c0   00000040  00000040  00000000  RWIX
  ECANB_MBOX            00006300   00000100  00000100  00000000  RWIX
  EPWM1                 00006800   00000022  00000022  00000000  RWIX
  EPWM2                 00006840   00000022  00000022  00000000  RWIX
  EPWM3                 00006880   00000022  00000022  00000000  RWIX
  EPWM4                 000068c0   00000022  00000022  00000000  RWIX
  EPWM5                 00006900   00000022  00000022  00000000  RWIX
  EPWM6                 00006940   00000022  00000022  00000000  RWIX
  ECAP1                 00006a00   00000020  00000020  00000000  RWIX
  ECAP2                 00006a20   00000020  00000020  00000000  RWIX
  ECAP3                 00006a40   00000020  00000020  00000000  RWIX
  ECAP4                 00006a60   00000020  00000020  00000000  RWIX
  ECAP5                 00006a80   00000020  00000020  00000000  RWIX
  ECAP6                 00006aa0   00000020  00000020  00000000  RWIX
  EQEP1                 00006b00   00000040  00000040  00000000  RWIX
  EQEP2                 00006b40   00000040  00000040  00000000  RWIX
  GPIOCTRL              00006f80   00000040  0000002e  00000012  RWIX
  GPIODAT               00006fc0   00000020  00000020  00000000  RWIX
  GPIOINT               00006fe0   00000020  0000000a  00000016  RWIX
  SYSTEM                00007010   00000020  00000020  00000000  RWIX
  SPIA                  00007040   00000010  00000010  00000000  RWIX
  SCIA                  00007050   00000010  00000010  00000000  RWIX
  XINTRUPT              00007070   00000010  00000010  00000000  RWIX
  ADC                   00007100   00000020  0000001e  00000002  RWIX
  SCIB                  00007750   00000010  00000010  00000000  RWIX
  SCIC                  00007770   00000010  00000010  00000000  RWIX
  I2CA                  00007900   00000040  00000022  0000001e  RWIX
  RAML4L7               0000c000   00004000  0000036c  00003c94  RWIX
  ZONE7D                00210000   00010000  00000000  00010000  RWIX
  CSM_PWL               0033fff8   00000008  00000008  00000000  RWIX


SECTION ALLOCATION MAP

 output                                  attributes/
section   page    origin      length       input sections
--------  ----  ----------  ----------   ----------------
codestart 
*          0    00000000    00000002     
                  00000000    00000002     DSP2833x_CodeStartBranch.obj (codestart)

.text      0    00008000    00000bd0     
                  00008000    000003fc     SortierAlgorithmusVirtuelleTestumgebung.obj (.text)
                  000083fc    00000316     DSP2833x_DefaultIsr.obj (.text:retain)
                  00008712    000000f8     DSP2833x_SysCtrl.obj (.text)
                  0000880a    00000088     rts2800_fpu32.lib : fs_div28.obj (.text)
                  00008892    00000080     ert_main.obj (.text)
                  00008912    0000007b     DSP2833x_CpuTimers.obj (.text)
                  0000898d    0000007a     MW_c28xx_board.obj (.text)
                  00008a07    00000056     rts2800_fpu32.lib : boot28.obj (.text)
                  00008a5d    00000044     c2833xSchedulerTimer0.obj (.text:retain)
                  00008aa1    0000003d     c2833xSchedulerTimer0.obj (.text)
                  00008ade    00000029     rts2800_fpu32.lib : exit.obj (.text)
                  00008b07    00000028     DSP2833x_PieCtrl.obj (.text)
                  00008b2f    00000024     rts2800_fpu32.lib : cpy_tbl.obj (.text)
                  00008b53    00000020     DSP2833x_PieVect.obj (.text)
                  00008b73    0000001e     rts2800_fpu32.lib : memcpy.obj (.text)
                  00008b91    00000019                       : args_main.obj (.text)
                  00008baa    0000000a     mw_C28x_addsubasm_s32.obj (.text)
                  00008bb4    00000009     rts2800_fpu32.lib : _lock.obj (.text)
                  00008bbd    00000008     DSP2833x_CodeStartBranch.obj (.text)
                  00008bc5    00000008     c2833xBoard_Realtime_Support.obj (.text)
                  00008bcd    00000002     rts2800_fpu32.lib : pre_init.obj (.text)
                  00008bcf    00000001                       : startup.obj (.text)

.cinit     0    00008bd0    000000de     
                  00008bd0    0000007e     SortierAlgorithmusVirtuelleTestumgebung.obj (.cinit)
                  00008c4e    00000032     SortierAlgorithmusVirtuelleTestumgebung_data.obj (.cinit)
                  00008c80    00000014     ert_main.obj (.cinit)
                  00008c94    0000000e     rts2800_fpu32.lib : exit.obj (.cinit)
                  00008ca2    00000005                       : _lock.obj (.cinit:__lock)
                  00008ca7    00000005                       : _lock.obj (.cinit:__unlock)
                  00008cac    00000002     --HOLE-- [fill = 0]

ramfuncs   0    00008cae    00000004     
                  00008cae    00000004     DSP2833x_usDelay.obj (ramfuncs)

.adc_cal   0    00380080    00000007     NOLOAD SECTION
                  00380080    00000007     DSP2833x_ADC_cal.obj (.adc_cal)

.stack     1    00000400    00000200     UNINITIALIZED
                  00000400    00000200     --HOLE--

DevEmuRegsFile 
*          1    00000880    000000d0     UNINITIALIZED
                  00000880    000000d0     DSP2833x_GlobalVariableDefs.obj (DevEmuRegsFile)

FlashRegsFile 
*          1    00000a80    00000008     UNINITIALIZED
                  00000a80    00000008     DSP2833x_GlobalVariableDefs.obj (FlashRegsFile)

CsmRegsFile 
*          1    00000ae0    00000010     UNINITIALIZED
                  00000ae0    00000010     DSP2833x_GlobalVariableDefs.obj (CsmRegsFile)

AdcMirrorFile 
*          1    00000b00    00000010     UNINITIALIZED
                  00000b00    00000010     DSP2833x_GlobalVariableDefs.obj (AdcMirrorFile)

XintfRegsFile 
*          1    00000b20    0000001e     UNINITIALIZED
                  00000b20    0000001e     DSP2833x_GlobalVariableDefs.obj (XintfRegsFile)

CpuTimer0RegsFile 
*          1    00000c00    00000008     UNINITIALIZED
                  00000c00    00000008     DSP2833x_GlobalVariableDefs.obj (CpuTimer0RegsFile)

CpuTimer1RegsFile 
*          1    00000c08    00000008     UNINITIALIZED
                  00000c08    00000008     DSP2833x_GlobalVariableDefs.obj (CpuTimer1RegsFile)

CpuTimer2RegsFile 
*          1    00000c10    00000008     UNINITIALIZED
                  00000c10    00000008     DSP2833x_GlobalVariableDefs.obj (CpuTimer2RegsFile)

PieCtrlRegsFile 
*          1    00000ce0    0000001a     UNINITIALIZED
                  00000ce0    0000001a     DSP2833x_GlobalVariableDefs.obj (PieCtrlRegsFile)

PieVectTableFile 
*          1    00000d00    00000100     UNINITIALIZED
                  00000d00    00000100     DSP2833x_GlobalVariableDefs.obj (PieVectTableFile)

DmaRegsFile 
*          1    00001000    000000e0     UNINITIALIZED
                  00001000    000000e0     DSP2833x_GlobalVariableDefs.obj (DmaRegsFile)

McbspaRegsFile 
*          1    00005000    00000025     UNINITIALIZED
                  00005000    00000025     DSP2833x_GlobalVariableDefs.obj (McbspaRegsFile)

McbspbRegsFile 
*          1    00005040    00000025     UNINITIALIZED
                  00005040    00000025     DSP2833x_GlobalVariableDefs.obj (McbspbRegsFile)

ECanaRegsFile 
*          1    00006000    00000034     UNINITIALIZED
                  00006000    00000034     DSP2833x_GlobalVariableDefs.obj (ECanaRegsFile)

ECanaLAMRegsFile 
*          1    00006040    00000040     UNINITIALIZED
                  00006040    00000040     DSP2833x_GlobalVariableDefs.obj (ECanaLAMRegsFile)

ECanaMOTSRegsFile 
*          1    00006080    00000040     UNINITIALIZED
                  00006080    00000040     DSP2833x_GlobalVariableDefs.obj (ECanaMOTSRegsFile)

ECanaMOTORegsFile 
*          1    000060c0    00000040     UNINITIALIZED
                  000060c0    00000040     DSP2833x_GlobalVariableDefs.obj (ECanaMOTORegsFile)

ECanaMboxesFile 
*          1    00006100    00000100     UNINITIALIZED
                  00006100    00000100     DSP2833x_GlobalVariableDefs.obj (ECanaMboxesFile)

ECanbRegsFile 
*          1    00006200    00000034     UNINITIALIZED
                  00006200    00000034     DSP2833x_GlobalVariableDefs.obj (ECanbRegsFile)

ECanbLAMRegsFile 
*          1    00006240    00000040     UNINITIALIZED
                  00006240    00000040     DSP2833x_GlobalVariableDefs.obj (ECanbLAMRegsFile)

ECanbMOTSRegsFile 
*          1    00006280    00000040     UNINITIALIZED
                  00006280    00000040     DSP2833x_GlobalVariableDefs.obj (ECanbMOTSRegsFile)

ECanbMOTORegsFile 
*          1    000062c0    00000040     UNINITIALIZED
                  000062c0    00000040     DSP2833x_GlobalVariableDefs.obj (ECanbMOTORegsFile)

ECanbMboxesFile 
*          1    00006300    00000100     UNINITIALIZED
                  00006300    00000100     DSP2833x_GlobalVariableDefs.obj (ECanbMboxesFile)

EPwm1RegsFile 
*          1    00006800    00000022     UNINITIALIZED
                  00006800    00000022     DSP2833x_GlobalVariableDefs.obj (EPwm1RegsFile)

EPwm2RegsFile 
*          1    00006840    00000022     UNINITIALIZED
                  00006840    00000022     DSP2833x_GlobalVariableDefs.obj (EPwm2RegsFile)

EPwm3RegsFile 
*          1    00006880    00000022     UNINITIALIZED
                  00006880    00000022     DSP2833x_GlobalVariableDefs.obj (EPwm3RegsFile)

EPwm4RegsFile 
*          1    000068c0    00000022     UNINITIALIZED
                  000068c0    00000022     DSP2833x_GlobalVariableDefs.obj (EPwm4RegsFile)

EPwm5RegsFile 
*          1    00006900    00000022     UNINITIALIZED
                  00006900    00000022     DSP2833x_GlobalVariableDefs.obj (EPwm5RegsFile)

EPwm6RegsFile 
*          1    00006940    00000022     UNINITIALIZED
                  00006940    00000022     DSP2833x_GlobalVariableDefs.obj (EPwm6RegsFile)

ECap1RegsFile 
*          1    00006a00    00000020     UNINITIALIZED
                  00006a00    00000020     DSP2833x_GlobalVariableDefs.obj (ECap1RegsFile)

ECap2RegsFile 
*          1    00006a20    00000020     UNINITIALIZED
                  00006a20    00000020     DSP2833x_GlobalVariableDefs.obj (ECap2RegsFile)

ECap3RegsFile 
*          1    00006a40    00000020     UNINITIALIZED
                  00006a40    00000020     DSP2833x_GlobalVariableDefs.obj (ECap3RegsFile)

ECap4RegsFile 
*          1    00006a60    00000020     UNINITIALIZED
                  00006a60    00000020     DSP2833x_GlobalVariableDefs.obj (ECap4RegsFile)

ECap5RegsFile 
*          1    00006a80    00000020     UNINITIALIZED
                  00006a80    00000020     DSP2833x_GlobalVariableDefs.obj (ECap5RegsFile)

ECap6RegsFile 
*          1    00006aa0    00000020     UNINITIALIZED
                  00006aa0    00000020     DSP2833x_GlobalVariableDefs.obj (ECap6RegsFile)

EQep1RegsFile 
*          1    00006b00    00000040     UNINITIALIZED
                  00006b00    00000040     DSP2833x_GlobalVariableDefs.obj (EQep1RegsFile)

EQep2RegsFile 
*          1    00006b40    00000040     UNINITIALIZED
                  00006b40    00000040     DSP2833x_GlobalVariableDefs.obj (EQep2RegsFile)

GpioCtrlRegsFile 
*          1    00006f80    0000002e     UNINITIALIZED
                  00006f80    0000002e     DSP2833x_GlobalVariableDefs.obj (GpioCtrlRegsFile)

GpioDataRegsFile 
*          1    00006fc0    00000020     UNINITIALIZED
                  00006fc0    00000020     DSP2833x_GlobalVariableDefs.obj (GpioDataRegsFile)

GpioIntRegsFile 
*          1    00006fe0    0000000a     UNINITIALIZED
                  00006fe0    0000000a     DSP2833x_GlobalVariableDefs.obj (GpioIntRegsFile)

SysCtrlRegsFile 
*          1    00007010    00000020     UNINITIALIZED
                  00007010    00000020     DSP2833x_GlobalVariableDefs.obj (SysCtrlRegsFile)

SpiaRegsFile 
*          1    00007040    00000010     UNINITIALIZED
                  00007040    00000010     DSP2833x_GlobalVariableDefs.obj (SpiaRegsFile)

SciaRegsFile 
*          1    00007050    00000010     UNINITIALIZED
                  00007050    00000010     DSP2833x_GlobalVariableDefs.obj (SciaRegsFile)

XIntruptRegsFile 
*          1    00007070    00000010     UNINITIALIZED
                  00007070    00000010     DSP2833x_GlobalVariableDefs.obj (XIntruptRegsFile)

AdcRegsFile 
*          1    00007100    0000001e     UNINITIALIZED
                  00007100    0000001e     DSP2833x_GlobalVariableDefs.obj (AdcRegsFile)

ScibRegsFile 
*          1    00007750    00000010     UNINITIALIZED
                  00007750    00000010     DSP2833x_GlobalVariableDefs.obj (ScibRegsFile)

ScicRegsFile 
*          1    00007770    00000010     UNINITIALIZED
                  00007770    00000010     DSP2833x_GlobalVariableDefs.obj (ScicRegsFile)

I2caRegsFile 
*          1    00007900    00000022     UNINITIALIZED
                  00007900    00000022     DSP2833x_GlobalVariableDefs.obj (I2caRegsFile)

CsmPwlFile 
*          1    0033fff8    00000008     UNINITIALIZED
                  0033fff8    00000008     DSP2833x_GlobalVariableDefs.obj (CsmPwlFile)

.bss       1    0000c000    00000000     UNINITIALIZED

.ebss      1    0000c000    00000258     UNINITIALIZED
                  0000c000    000001f8     SortierAlgorithmusVirtuelleTestumgebung.obj (.ebss)
                  0000c1f8    00000008     ert_main.obj (.ebss)
                  0000c200    00000030     SortierAlgorithmusVirtuelleTestumgebung_data.obj (.ebss)
                  0000c230    00000006     rts2800_fpu32.lib : exit.obj (.ebss)
                  0000c236    00000002                       : _lock.obj (.ebss:__lock)
                  0000c238    00000002                       : _lock.obj (.ebss:__unlock)
                  0000c23a    00000006     --HOLE--
                  0000c240    00000018     DSP2833x_CpuTimers.obj (.ebss)

.pinit     0    00008000    00000000     UNINITIALIZED

.data      1    0000c000    00000000     UNINITIALIZED

.econst    1    0000c258    00000114     
                  0000c258    00000100     DSP2833x_PieVect.obj (.econst:_PieVectTableInit)
                  0000c358    00000012     SortierAlgorithmusVirtuelleTestumgebung.obj (.econst:.string)
                  0000c36a    00000002     SortierAlgorithmusVirtuelleTestumgebung.obj (.econst)

.reset     0    003fffc0    00000002     DSECT
                  003fffc0    00000002     rts2800_fpu32.lib : boot28.obj (.reset)

MODULE SUMMARY

       Module                                             code   initialized data   uninitialized data
       ------                                             ----   ----------------   ------------------
    <current directory>
       DSP2833x_GlobalVariableDefs.obj                    0      0                  2678              
       SortierAlgorithmusVirtuelleTestumgebung.obj        1020   146                504               
       DSP2833x_DefaultIsr.obj                            790    0                  0                 
       DSP2833x_PieVect.obj                               32     256                0                 
       DSP2833x_SysCtrl.obj                               248    0                  0                 
       ert_main.obj                                       128    20                 8                 
       DSP2833x_CpuTimers.obj                             123    0                  24                
       c2833xSchedulerTimer0.obj                          129    0                  0                 
       MW_c28xx_board.obj                                 122    0                  0                 
       SortierAlgorithmusVirtuelleTestumgebung_data.obj   0      50                 48                
       DSP2833x_PieCtrl.obj                               40     0                  0                 
       DSP2833x_CodeStartBranch.obj                       10     0                  0                 
       mw_C28x_addsubasm_s32.obj                          10     0                  0                 
       c2833xBoard_Realtime_Support.obj                   8      0                  0                 
       DSP2833x_ADC_cal.obj                               7      0                  0                 
       DSP2833x_usDelay.obj                               4      0                  0                 
    +--+--------------------------------------------------+------+------------------+--------------------+
       Total:                                             2671   472                3262              
                                                                                                      
    C:/PROGRA~3/MATLAB/SUPPOR~1/R2018b/3P778C~1.INS/TIC200~1.INS/TI-CGT~1.LTS/lib/rts2800_fpu32.lib
       fs_div28.obj                                       136    0                  0                 
       boot28.obj                                         86     0                  0                 
       exit.obj                                           41     14                 6                 
       cpy_tbl.obj                                        36     0                  0                 
       memcpy.obj                                         30     0                  0                 
       args_main.obj                                      25     0                  0                 
       _lock.obj                                          9      10                 4                 
       pre_init.obj                                       2      0                  0                 
       startup.obj                                        1      0                  0                 
    +--+--------------------------------------------------+------+------------------+--------------------+
       Total:                                             366    24                 10                
                                                                                                      
       Stack:                                             0      0                  512               
    +--+--------------------------------------------------+------+------------------+--------------------+
       Grand Total:                                       3037   496                3784              


GLOBAL DATA SYMBOLS: SORTED BY DATA PAGE

address     data page           name
--------    ----------------    ----
00000400      10 (00000400)     __stack

00000880      22 (00000880)     _DevEmuRegs

00000a80      2a (00000a80)     _FlashRegs

00000ae0      2b (00000ac0)     _CsmRegs

00000b00      2c (00000b00)     _AdcMirror
00000b20      2c (00000b00)     _XintfRegs

00000c00      30 (00000c00)     _CpuTimer0Regs
00000c08      30 (00000c00)     _CpuTimer1Regs
00000c10      30 (00000c00)     _CpuTimer2Regs

00000ce0      33 (00000cc0)     _PieCtrlRegs

00000d00      34 (00000d00)     _PieVectTable

00001000      40 (00001000)     _DmaRegs

00005000     140 (00005000)     _McbspaRegs

00005040     141 (00005040)     _McbspbRegs

00006000     180 (00006000)     _ECanaRegs

00006040     181 (00006040)     _ECanaLAMRegs

00006080     182 (00006080)     _ECanaMOTSRegs

000060c0     183 (000060c0)     _ECanaMOTORegs

00006100     184 (00006100)     _ECanaMboxes

00006200     188 (00006200)     _ECanbRegs

00006240     189 (00006240)     _ECanbLAMRegs

00006280     18a (00006280)     _ECanbMOTSRegs

000062c0     18b (000062c0)     _ECanbMOTORegs

00006300     18c (00006300)     _ECanbMboxes

00006800     1a0 (00006800)     _EPwm1Regs

00006840     1a1 (00006840)     _EPwm2Regs

00006880     1a2 (00006880)     _EPwm3Regs

000068c0     1a3 (000068c0)     _EPwm4Regs

00006900     1a4 (00006900)     _EPwm5Regs

00006940     1a5 (00006940)     _EPwm6Regs

00006a00     1a8 (00006a00)     _ECap1Regs
00006a20     1a8 (00006a00)     _ECap2Regs

00006a40     1a9 (00006a40)     _ECap3Regs
00006a60     1a9 (00006a40)     _ECap4Regs

00006a80     1aa (00006a80)     _ECap5Regs
00006aa0     1aa (00006a80)     _ECap6Regs

00006b00     1ac (00006b00)     _EQep1Regs

00006b40     1ad (00006b40)     _EQep2Regs

00006f80     1be (00006f80)     _GpioCtrlRegs

00006fc0     1bf (00006fc0)     _GpioDataRegs
00006fe0     1bf (00006fc0)     _GpioIntRegs

00007010     1c0 (00007000)     _SysCtrlRegs

00007040     1c1 (00007040)     _SpiaRegs
00007050     1c1 (00007040)     _SciaRegs
00007070     1c1 (00007040)     _XIntruptRegs

00007100     1c4 (00007100)     _AdcRegs

00007750     1dd (00007740)     _ScibRegs
00007770     1dd (00007740)     _ScicRegs

00007900     1e4 (00007900)     _I2caRegs

0000c000     300 (0000c000)     _SortierAlgorithmusVirtuelleTe_B

0000c0c0     303 (0000c0c0)     _SortierAlgorithmusVirtuelleT_M_

0000c140     305 (0000c140)     _SortierAlgorithmusVirtuelleT_DW

0000c1f8     307 (0000c1c0)     _stopRequested
0000c1f9     307 (0000c1c0)     _IsrOverrun
0000c1fa     307 (0000c1c0)     _isRateRunning
0000c1fd     307 (0000c1c0)     _need2runFlags

0000c200     308 (0000c200)     _SortierAlgorithmusVirtuelleTe_P
0000c230     308 (0000c200)     ___TI_enable_exit_profile_output
0000c232     308 (0000c200)     ___TI_cleanup_ptr
0000c234     308 (0000c200)     ___TI_dtors_ptr
0000c236     308 (0000c200)     __lock
0000c238     308 (0000c200)     __unlock

0000c240     309 (0000c240)     _CpuTimer1
0000c248     309 (0000c240)     _CpuTimer2
0000c250     309 (0000c240)     _CpuTimer0
0000c258     309 (0000c240)     _PieVectTableInit

0000c36a     30d (0000c340)     _SortierAlgorithmusVirtuelleT_M

0033fff8    cfff (0033ffc0)     _CsmPwl


GLOBAL SYMBOLS: SORTED ALPHABETICALLY BY Name 

page  address   name                                                             
----  -------   ----                                                             
1     0000c000  .bss                                                             
1     0000c000  .data                                                            
0     00008000  .text                                                            
0     00008ade  C$$EXIT                                                          
0     0000880a  FS$$DIV                                                          
0     000084e2  _ADCINT_ISR                                                      
0     00380080  _ADC_cal                                                         
1     00000b00  _AdcMirror                                                       
1     00007100  _AdcRegs                                                         
0     00008953  _ConfigCpuTimer                                                  
1     0000c250  _CpuTimer0                                                       
1     00000c00  _CpuTimer0Regs                                                   
1     0000c240  _CpuTimer1                                                       
1     00000c08  _CpuTimer1Regs                                                   
1     0000c248  _CpuTimer2                                                       
1     00000c10  _CpuTimer2Regs                                                   
1     0033fff8  _CsmPwl                                                          
1     00000ae0  _CsmRegs                                                         
0     000087d9  _CsmUnlock                                                       
0     00008410  _DATALOG_ISR                                                     
0     00008604  _DINTCH1_ISR                                                     
0     0000860e  _DINTCH2_ISR                                                     
0     00008618  _DINTCH3_ISR                                                     
0     00008622  _DINTCH4_ISR                                                     
0     0000862c  _DINTCH5_ISR                                                     
0     00008636  _DINTCH6_ISR                                                     
0     00008cae  _DSP28x_usDelay                                                  
1     00000880  _DevEmuRegs                                                      
0     00008725  _DisableDog                                                      
1     00001000  _DmaRegs                                                         
0     00008690  _ECAN0INTA_ISR                                                   
0     000086a4  _ECAN0INTB_ISR                                                   
0     0000869a  _ECAN1INTA_ISR                                                   
0     000086ae  _ECAN1INTB_ISR                                                   
0     00008578  _ECAP1_INT_ISR                                                   
0     00008582  _ECAP2_INT_ISR                                                   
0     0000858c  _ECAP3_INT_ISR                                                   
0     00008596  _ECAP4_INT_ISR                                                   
0     000085a0  _ECAP5_INT_ISR                                                   
0     000085aa  _ECAP6_INT_ISR                                                   
1     00006040  _ECanaLAMRegs                                                    
1     000060c0  _ECanaMOTORegs                                                   
1     00006080  _ECanaMOTSRegs                                                   
1     00006100  _ECanaMboxes                                                     
1     00006000  _ECanaRegs                                                       
1     00006240  _ECanbLAMRegs                                                    
1     000062c0  _ECanbMOTORegs                                                   
1     00006280  _ECanbMOTSRegs                                                   
1     00006300  _ECanbMboxes                                                     
1     00006200  _ECanbRegs                                                       
1     00006a00  _ECap1Regs                                                       
1     00006a20  _ECap2Regs                                                       
1     00006a40  _ECap3Regs                                                       
1     00006a60  _ECap4Regs                                                       
1     00006a80  _ECap5Regs                                                       
1     00006aa0  _ECap6Regs                                                       
0     00008424  _EMUINT_ISR                                                      
0     0000853c  _EPWM1_INT_ISR                                                   
0     00008500  _EPWM1_TZINT_ISR                                                 
0     00008546  _EPWM2_INT_ISR                                                   
0     0000850a  _EPWM2_TZINT_ISR                                                 
0     00008550  _EPWM3_INT_ISR                                                   
0     00008514  _EPWM3_TZINT_ISR                                                 
0     0000855a  _EPWM4_INT_ISR                                                   
0     0000851e  _EPWM4_TZINT_ISR                                                 
0     00008564  _EPWM5_INT_ISR                                                   
0     00008528  _EPWM5_TZINT_ISR                                                 
0     0000856e  _EPWM6_INT_ISR                                                   
0     00008532  _EPWM6_TZINT_ISR                                                 
1     00006800  _EPwm1Regs                                                       
1     00006840  _EPwm2Regs                                                       
1     00006880  _EPwm3Regs                                                       
1     000068c0  _EPwm4Regs                                                       
1     00006900  _EPwm5Regs                                                       
1     00006940  _EPwm6Regs                                                       
0     000085b4  _EQEP1_INT_ISR                                                   
0     000085be  _EQEP2_INT_ISR                                                   
1     00006b00  _EQep1Regs                                                       
1     00006b40  _EQep2Regs                                                       
0     00008b26  _EnableInterrupts                                                
1     00000a80  _FlashRegs                                                       
1     00006f80  _GpioCtrlRegs                                                    
1     00006fc0  _GpioDataRegs                                                    
1     00006fe0  _GpioIntRegs                                                     
0     00008640  _I2CINT1A_ISR                                                    
0     0000864a  _I2CINT2A_ISR                                                    
1     00007900  _I2caRegs                                                        
0     00008438  _ILLEGAL_ISR                                                     
0     000083fc  _INT13_ISR                                                       
0     00008406  _INT14_ISR                                                       
0     00008912  _InitCpuTimers                                                   
0     0000877e  _InitPeripheralClocks                                            
0     00008b07  _InitPieCtrl                                                     
0     00008b53  _InitPieVectTable                                                
0     0000872d  _InitPll                                                         
0     00008712  _InitSysCtrl                                                     
0     000089e8  _InitXintf16Gpio                                                 
1     0000c1f9  _IsrOverrun                                                      
0     000086f4  _LUF_ISR                                                         
0     000086ea  _LVF_ISR                                                         
0     000085f0  _MRINTA_ISR                                                      
0     000085dc  _MRINTB_ISR                                                      
0     000085fa  _MXINTA_ISR                                                      
0     000085e6  _MXINTB_ISR                                                      
1     00005000  _McbspaRegs                                                      
1     00005040  _McbspbRegs                                                      
0     0000842e  _NMI_ISR                                                         
0     000086fe  _PIE_RESERVED                                                    
1     00000ce0  _PieCtrlRegs                                                     
1     00000d00  _PieVectTable                                                    
1     0000c258  _PieVectTableInit                                                
0     0000841a  _RTOSINT_ISR                                                     
0     00008668  _SCIRXINTA_ISR                                                   
0     0000867c  _SCIRXINTB_ISR                                                   
0     00008654  _SCIRXINTC_ISR                                                   
0     00008672  _SCITXINTA_ISR                                                   
0     00008686  _SCITXINTB_ISR                                                   
0     0000865e  _SCITXINTC_ISR                                                   
0     000084ba  _SEQ1INT_ISR                                                     
0     000084c4  _SEQ2INT_ISR                                                     
0     000085c8  _SPIRXINTA_ISR                                                   
0     000085d2  _SPITXINTA_ISR                                                   
1     00007050  _SciaRegs                                                        
1     00007750  _ScibRegs                                                        
1     00007770  _ScicRegs                                                        
0     0000871b  _ServiceDog                                                      
1     0000c140  _SortierAlgorithmusVirtuelleT_DW                                 
1     0000c36a  _SortierAlgorithmusVirtuelleT_M                                  
1     0000c0c0  _SortierAlgorithmusVirtuelleT_M_                                 
1     0000c000  _SortierAlgorithmusVirtuelleTe_B                                 
1     0000c200  _SortierAlgorithmusVirtuelleTe_P                                 
0     0000800a  _SortierAlgorithmusVirtuelleTestumgebung_SetEventsForThisBaseStep
0     00008366  _SortierAlgorithmusVirtuelleTestumgebung_initialize              
0     0000810b  _SortierAlgorithmusVirtuelleTestumgebung_step0                   
0     000082da  _SortierAlgorithmusVirtuelleTestumgebung_step2                   
0     000083fb  _SortierAlgorithmusVirtuelleTestumgebung_terminate               
1     00007040  _SpiaRegs                                                        
1     00007010  _SysCtrlRegs                                                     
0     000084ec  _TINT0_ISR                                                       
0     00008a5d  _TINT0_isr                                                       
0     0000849c  _USER10_ISR                                                      
0     000084a6  _USER11_ISR                                                      
0     000084b0  _USER12_ISR                                                      
0     00008442  _USER1_ISR                                                       
0     0000844c  _USER2_ISR                                                       
0     00008456  _USER3_ISR                                                       
0     00008460  _USER4_ISR                                                       
0     0000846a  _USER5_ISR                                                       
0     00008474  _USER6_ISR                                                       
0     0000847e  _USER7_ISR                                                       
0     00008488  _USER8_ISR                                                       
0     00008492  _USER9_ISR                                                       
0     000084f6  _WAKEINT_ISR                                                     
0     000084ce  _XINT1_ISR                                                       
0     000084d8  _XINT2_ISR                                                       
0     000086b8  _XINT3_ISR                                                       
0     000086c2  _XINT4_ISR                                                       
0     000086cc  _XINT5_ISR                                                       
0     000086d6  _XINT6_ISR                                                       
0     000086e0  _XINT7_ISR                                                       
1     00007070  _XIntruptRegs                                                    
1     00000b20  _XintfRegs                                                       
1     00000600  __STACK_END                                                      
abs   00000200  __STACK_SIZE                                                     
1     0000c232  ___TI_cleanup_ptr                                                
1     0000c234  ___TI_dtors_ptr                                                  
1     0000c230  ___TI_enable_exit_profile_output                                 
abs   ffffffff  ___TI_pprof_out_hndl                                             
abs   ffffffff  ___TI_prof_data_size                                             
abs   ffffffff  ___TI_prof_data_start                                            
abs   ffffffff  ___binit__                                                       
1     0000c000  ___bss__                                                         
abs   ffffffff  ___c_args__                                                      
0     00008bd0  ___cinit__                                                       
1     0000c000  ___data__                                                        
1     0000c000  ___edata__                                                       
1     0000c000  ___end__                                                         
0     00008bd0  ___etext__                                                       
abs   ffffffff  ___pinit__                                                       
0     00008000  ___text__                                                        
0     00008b91  __args_main                                                      
1     0000c236  __lock                                                           
0     00008bbc  __nop                                                            
0     00008bb8  __register_lock                                                  
0     00008bb4  __register_unlock                                                
1     00000400  __stack                                                          
0     00008bcf  __system_post_cinit                                              
0     00008bcd  __system_pre_init                                                
1     0000c238  __unlock                                                         
0     00008ade  _abort                                                           
0     00008baa  _asm_c28x_add_s32_s32_s32_sat                                    
0     00008baf  _asm_c28x_sub_s32_s32_s32_sat                                    
0     00008bcc  _c2000_flash_init                                                
0     00008a07  _c_int00                                                         
0     00008aa1  _configureTimer0                                                 
0     00008b2f  _copy_in                                                         
0     00008ad0  _disableTimer0Interrupt                                          
0     00008ac8  _enableTimer0Interrupt                                           
0     00008ae0  _exit                                                            
0     00008bc9  _globalInterruptDisable                                          
0     00008bc5  _globalInterruptEnable                                           
0     0000898d  _init_board                                                      
1     0000c1fa  _isRateRunning                                                   
0     000088c7  _main                                                            
0     00008b73  _memcpy                                                          
1     0000c1fd  _need2runFlags                                                   
0     00008708  _rsvd_ISR                                                        
0     00008892  _rt_OneStep                                                      
1     0000c1f8  _stopRequested                                                   
abs   ffffffff  binit                                                            
0     00008bd0  cinit                                                            
0     00000000  code_start                                                       
1     0000c000  edata                                                            
1     0000c000  end                                                              
0     00008bd0  etext                                                            
abs   ffffffff  pinit                                                            


GLOBAL SYMBOLS: SORTED BY Symbol Address 

page  address   name                                                             
----  -------   ----                                                             
0     00000000  code_start                                                       
0     00008000  .text                                                            
0     00008000  ___text__                                                        
0     0000800a  _SortierAlgorithmusVirtuelleTestumgebung_SetEventsForThisBaseStep
0     0000810b  _SortierAlgorithmusVirtuelleTestumgebung_step0                   
0     000082da  _SortierAlgorithmusVirtuelleTestumgebung_step2                   
0     00008366  _SortierAlgorithmusVirtuelleTestumgebung_initialize              
0     000083fb  _SortierAlgorithmusVirtuelleTestumgebung_terminate               
0     000083fc  _INT13_ISR                                                       
0     00008406  _INT14_ISR                                                       
0     00008410  _DATALOG_ISR                                                     
0     0000841a  _RTOSINT_ISR                                                     
0     00008424  _EMUINT_ISR                                                      
0     0000842e  _NMI_ISR                                                         
0     00008438  _ILLEGAL_ISR                                                     
0     00008442  _USER1_ISR                                                       
0     0000844c  _USER2_ISR                                                       
0     00008456  _USER3_ISR                                                       
0     00008460  _USER4_ISR                                                       
0     0000846a  _USER5_ISR                                                       
0     00008474  _USER6_ISR                                                       
0     0000847e  _USER7_ISR                                                       
0     00008488  _USER8_ISR                                                       
0     00008492  _USER9_ISR                                                       
0     0000849c  _USER10_ISR                                                      
0     000084a6  _USER11_ISR                                                      
0     000084b0  _USER12_ISR                                                      
0     000084ba  _SEQ1INT_ISR                                                     
0     000084c4  _SEQ2INT_ISR                                                     
0     000084ce  _XINT1_ISR                                                       
0     000084d8  _XINT2_ISR                                                       
0     000084e2  _ADCINT_ISR                                                      
0     000084ec  _TINT0_ISR                                                       
0     000084f6  _WAKEINT_ISR                                                     
0     00008500  _EPWM1_TZINT_ISR                                                 
0     0000850a  _EPWM2_TZINT_ISR                                                 
0     00008514  _EPWM3_TZINT_ISR                                                 
0     0000851e  _EPWM4_TZINT_ISR                                                 
0     00008528  _EPWM5_TZINT_ISR                                                 
0     00008532  _EPWM6_TZINT_ISR                                                 
0     0000853c  _EPWM1_INT_ISR                                                   
0     00008546  _EPWM2_INT_ISR                                                   
0     00008550  _EPWM3_INT_ISR                                                   
0     0000855a  _EPWM4_INT_ISR                                                   
0     00008564  _EPWM5_INT_ISR                                                   
0     0000856e  _EPWM6_INT_ISR                                                   
0     00008578  _ECAP1_INT_ISR                                                   
0     00008582  _ECAP2_INT_ISR                                                   
0     0000858c  _ECAP3_INT_ISR                                                   
0     00008596  _ECAP4_INT_ISR                                                   
0     000085a0  _ECAP5_INT_ISR                                                   
0     000085aa  _ECAP6_INT_ISR                                                   
0     000085b4  _EQEP1_INT_ISR                                                   
0     000085be  _EQEP2_INT_ISR                                                   
0     000085c8  _SPIRXINTA_ISR                                                   
0     000085d2  _SPITXINTA_ISR                                                   
0     000085dc  _MRINTB_ISR                                                      
0     000085e6  _MXINTB_ISR                                                      
0     000085f0  _MRINTA_ISR                                                      
0     000085fa  _MXINTA_ISR                                                      
0     00008604  _DINTCH1_ISR                                                     
0     0000860e  _DINTCH2_ISR                                                     
0     00008618  _DINTCH3_ISR                                                     
0     00008622  _DINTCH4_ISR                                                     
0     0000862c  _DINTCH5_ISR                                                     
0     00008636  _DINTCH6_ISR                                                     
0     00008640  _I2CINT1A_ISR                                                    
0     0000864a  _I2CINT2A_ISR                                                    
0     00008654  _SCIRXINTC_ISR                                                   
0     0000865e  _SCITXINTC_ISR                                                   
0     00008668  _SCIRXINTA_ISR                                                   
0     00008672  _SCITXINTA_ISR                                                   
0     0000867c  _SCIRXINTB_ISR                                                   
0     00008686  _SCITXINTB_ISR                                                   
0     00008690  _ECAN0INTA_ISR                                                   
0     0000869a  _ECAN1INTA_ISR                                                   
0     000086a4  _ECAN0INTB_ISR                                                   
0     000086ae  _ECAN1INTB_ISR                                                   
0     000086b8  _XINT3_ISR                                                       
0     000086c2  _XINT4_ISR                                                       
0     000086cc  _XINT5_ISR                                                       
0     000086d6  _XINT6_ISR                                                       
0     000086e0  _XINT7_ISR                                                       
0     000086ea  _LVF_ISR                                                         
0     000086f4  _LUF_ISR                                                         
0     000086fe  _PIE_RESERVED                                                    
0     00008708  _rsvd_ISR                                                        
0     00008712  _InitSysCtrl                                                     
0     0000871b  _ServiceDog                                                      
0     00008725  _DisableDog                                                      
0     0000872d  _InitPll                                                         
0     0000877e  _InitPeripheralClocks                                            
0     000087d9  _CsmUnlock                                                       
0     0000880a  FS$$DIV                                                          
0     00008892  _rt_OneStep                                                      
0     000088c7  _main                                                            
0     00008912  _InitCpuTimers                                                   
0     00008953  _ConfigCpuTimer                                                  
0     0000898d  _init_board                                                      
0     000089e8  _InitXintf16Gpio                                                 
0     00008a07  _c_int00                                                         
0     00008a5d  _TINT0_isr                                                       
0     00008aa1  _configureTimer0                                                 
0     00008ac8  _enableTimer0Interrupt                                           
0     00008ad0  _disableTimer0Interrupt                                          
0     00008ade  C$$EXIT                                                          
0     00008ade  _abort                                                           
0     00008ae0  _exit                                                            
0     00008b07  _InitPieCtrl                                                     
0     00008b26  _EnableInterrupts                                                
0     00008b2f  _copy_in                                                         
0     00008b53  _InitPieVectTable                                                
0     00008b73  _memcpy                                                          
0     00008b91  __args_main                                                      
0     00008baa  _asm_c28x_add_s32_s32_s32_sat                                    
0     00008baf  _asm_c28x_sub_s32_s32_s32_sat                                    
0     00008bb4  __register_unlock                                                
0     00008bb8  __register_lock                                                  
0     00008bbc  __nop                                                            
0     00008bc5  _globalInterruptEnable                                           
0     00008bc9  _globalInterruptDisable                                          
0     00008bcc  _c2000_flash_init                                                
0     00008bcd  __system_pre_init                                                
0     00008bcf  __system_post_cinit                                              
0     00008bd0  ___cinit__                                                       
0     00008bd0  ___etext__                                                       
0     00008bd0  cinit                                                            
0     00008bd0  etext                                                            
0     00008cae  _DSP28x_usDelay                                                  
0     00380080  _ADC_cal                                                         
1     00000400  __stack                                                          
1     00000600  __STACK_END                                                      
1     00000880  _DevEmuRegs                                                      
1     00000a80  _FlashRegs                                                       
1     00000ae0  _CsmRegs                                                         
1     00000b00  _AdcMirror                                                       
1     00000b20  _XintfRegs                                                       
1     00000c00  _CpuTimer0Regs                                                   
1     00000c08  _CpuTimer1Regs                                                   
1     00000c10  _CpuTimer2Regs                                                   
1     00000ce0  _PieCtrlRegs                                                     
1     00000d00  _PieVectTable                                                    
1     00001000  _DmaRegs                                                         
1     00005000  _McbspaRegs                                                      
1     00005040  _McbspbRegs                                                      
1     00006000  _ECanaRegs                                                       
1     00006040  _ECanaLAMRegs                                                    
1     00006080  _ECanaMOTSRegs                                                   
1     000060c0  _ECanaMOTORegs                                                   
1     00006100  _ECanaMboxes                                                     
1     00006200  _ECanbRegs                                                       
1     00006240  _ECanbLAMRegs                                                    
1     00006280  _ECanbMOTSRegs                                                   
1     000062c0  _ECanbMOTORegs                                                   
1     00006300  _ECanbMboxes                                                     
1     00006800  _EPwm1Regs                                                       
1     00006840  _EPwm2Regs                                                       
1     00006880  _EPwm3Regs                                                       
1     000068c0  _EPwm4Regs                                                       
1     00006900  _EPwm5Regs                                                       
1     00006940  _EPwm6Regs                                                       
1     00006a00  _ECap1Regs                                                       
1     00006a20  _ECap2Regs                                                       
1     00006a40  _ECap3Regs                                                       
1     00006a60  _ECap4Regs                                                       
1     00006a80  _ECap5Regs                                                       
1     00006aa0  _ECap6Regs                                                       
1     00006b00  _EQep1Regs                                                       
1     00006b40  _EQep2Regs                                                       
1     00006f80  _GpioCtrlRegs                                                    
1     00006fc0  _GpioDataRegs                                                    
1     00006fe0  _GpioIntRegs                                                     
1     00007010  _SysCtrlRegs                                                     
1     00007040  _SpiaRegs                                                        
1     00007050  _SciaRegs                                                        
1     00007070  _XIntruptRegs                                                    
1     00007100  _AdcRegs                                                         
1     00007750  _ScibRegs                                                        
1     00007770  _ScicRegs                                                        
1     00007900  _I2caRegs                                                        
1     0000c000  .bss                                                             
1     0000c000  .data                                                            
1     0000c000  _SortierAlgorithmusVirtuelleTe_B                                 
1     0000c000  ___bss__                                                         
1     0000c000  ___data__                                                        
1     0000c000  ___edata__                                                       
1     0000c000  ___end__                                                         
1     0000c000  edata                                                            
1     0000c000  end                                                              
1     0000c0c0  _SortierAlgorithmusVirtuelleT_M_                                 
1     0000c140  _SortierAlgorithmusVirtuelleT_DW                                 
1     0000c1f8  _stopRequested                                                   
1     0000c1f9  _IsrOverrun                                                      
1     0000c1fa  _isRateRunning                                                   
1     0000c1fd  _need2runFlags                                                   
1     0000c200  _SortierAlgorithmusVirtuelleTe_P                                 
1     0000c230  ___TI_enable_exit_profile_output                                 
1     0000c232  ___TI_cleanup_ptr                                                
1     0000c234  ___TI_dtors_ptr                                                  
1     0000c236  __lock                                                           
1     0000c238  __unlock                                                         
1     0000c240  _CpuTimer1                                                       
1     0000c248  _CpuTimer2                                                       
1     0000c250  _CpuTimer0                                                       
1     0000c258  _PieVectTableInit                                                
1     0000c36a  _SortierAlgorithmusVirtuelleT_M                                  
1     0033fff8  _CsmPwl                                                          
abs   00000200  __STACK_SIZE                                                     
abs   ffffffff  ___TI_pprof_out_hndl                                             
abs   ffffffff  ___TI_prof_data_size                                             
abs   ffffffff  ___TI_prof_data_start                                            
abs   ffffffff  ___binit__                                                       
abs   ffffffff  ___c_args__                                                      
abs   ffffffff  ___pinit__                                                       
abs   ffffffff  binit                                                            
abs   ffffffff  pinit                                                            

[216 symbols]
